2026-05-29T15:29:42.452+03:00  INFO 31816 --- [book-catalog] [main] c.e.b.BookCatalogApplicationTests        : Starting BookCatalogApplicationTests using Java 25.0.3 with PID 31816 (started by HP in C:\Users\HP\IdeaProjects\book-catalog)
2026-05-29T15:29:42.454+03:00 DEBUG 31816 --- [book-catalog] [main] c.e.b.BookCatalogApplicationTests        : Running with Spring Boot v4.0.6, Spring v7.0.7
2026-05-29T15:29:42.454+03:00  INFO 31816 --- [book-catalog] [main] c.e.b.BookCatalogApplicationTests        : No active profile set, falling back to 1 default profile: "default"
2026-05-29T15:29:43.759+03:00  INFO 31816 --- [book-catalog] [main] .s.d.r.c.RepositoryConfigurationDelegate : Bootstrapping Spring Data JPA repositories in DEFAULT mode.
2026-05-29T15:29:43.841+03:00  INFO 31816 --- [book-catalog] [main] .s.d.r.c.RepositoryConfigurationDelegate : Finished Spring Data repository scanning in 69 ms. Found 7 JPA repository interfaces.
2026-05-29T15:29:44.608+03:00  INFO 31816 --- [book-catalog] [main] com.zaxxer.hikari.HikariDataSource       : HikariPool-1 - Starting...
2026-05-29T15:29:44.939+03:00  INFO 31816 --- [book-catalog] [main] com.zaxxer.hikari.pool.HikariPool        : HikariPool-1 - Added connection org.postgresql.jdbc.PgConnection@3dda8a2e
2026-05-29T15:29:44.941+03:00  INFO 31816 --- [book-catalog] [main] com.zaxxer.hikari.HikariDataSource       : HikariPool-1 - Start completed.
2026-05-29T15:29:45.182+03:00  INFO 31816 --- [book-catalog] [main] liquibase.database                       : Set default schema name to public
2026-05-29T15:29:47.298+03:00  INFO 31816 --- [book-catalog] [main] liquibase.changelog                      : Reading from public.databasechangelog
2026-05-29T15:29:47.366+03:00  INFO 31816 --- [book-catalog] [main] liquibase.ui                             : Database is up to date, no changesets to execute
2026-05-29T15:29:47.369+03:00  INFO 31816 --- [book-catalog] [main] liquibase.changelog                      : Reading from public.databasechangelog
2026-05-29T15:29:47.385+03:00  INFO 31816 --- [book-catalog] [main] liquibase.util                           : UPDATE SUMMARY
2026-05-29T15:29:47.386+03:00  INFO 31816 --- [book-catalog] [main] liquibase.util                           : Run:                          0
2026-05-29T15:29:47.386+03:00  INFO 31816 --- [book-catalog] [main] liquibase.util                           : Previously run:               1
2026-05-29T15:29:47.386+03:00  INFO 31816 --- [book-catalog] [main] liquibase.util                           : Filtered out:                 0
2026-05-29T15:29:47.387+03:00  INFO 31816 --- [book-catalog] [main] liquibase.util                           : -------------------------------
2026-05-29T15:29:47.387+03:00  INFO 31816 --- [book-catalog] [main] liquibase.util                           : Total change sets:            1
2026-05-29T15:29:47.388+03:00  INFO 31816 --- [book-catalog] [main] liquibase.util                           : Update summary generated
2026-05-29T15:29:47.391+03:00  INFO 31816 --- [book-catalog] [main] liquibase.command                        : Command execution complete
2026-05-29T15:29:47.616+03:00  INFO 31816 --- [book-catalog] [main] org.hibernate.orm.jpa                    : HHH008540: Processing PersistenceUnitInfo [name: default]
2026-05-29T15:29:47.701+03:00  INFO 31816 --- [book-catalog] [main] org.hibernate.orm.core                   : HHH000001: Hibernate ORM core version 7.2.12.Final
2026-05-29T15:29:48.298+03:00  INFO 31816 --- [book-catalog] [main] o.s.o.j.p.SpringPersistenceUnitInfo      : No LoadTimeWeaver setup: ignoring JPA class transformer
2026-05-29T15:29:48.404+03:00  INFO 31816 --- [book-catalog] [main] org.hibernate.orm.connections.pooling    : HHH10001005: Database info:
	Database JDBC URL [jdbc:postgresql://localhost:5432/book_catalog]
	Database driver: PostgreSQL JDBC Driver
	Database dialect: PostgreSQLDialect
	Database version: 15.15
	Default catalog/schema: book_catalog/public
	Autocommit mode: undefined/unknown
	Isolation level: READ_COMMITTED [default READ_COMMITTED]
	JDBC fetch size: none
	Pool: DataSourceConnectionProvider
	Minimum pool size: undefined/unknown
	Maximum pool size: undefined/unknown
2026-05-29T15:29:49.558+03:00  INFO 31816 --- [book-catalog] [main] org.hibernate.orm.core                   : HHH000489: No JTA platform available (set 'hibernate.transaction.jta.platform' to enable JTA platform integration)
2026-05-29T15:29:49.566+03:00  INFO 31816 --- [book-catalog] [main] j.LocalContainerEntityManagerFactoryBean : Initialized JPA EntityManagerFactory for persistence unit 'default'
2026-05-29T15:29:49.701+03:00  INFO 31816 --- [book-catalog] [main] o.s.d.j.r.query.QueryEnhancerFactories   : Hibernate is in classpath; If applicable, HQL parser will be used.
2026-05-29T15:29:50.224+03:00  WARN 31816 --- [book-catalog] [main] JpaBaseConfiguration$JpaWebConfiguration : spring.jpa.open-in-view is enabled by default. Therefore, database queries may be performed during view rendering. Explicitly configure spring.jpa.open-in-view to disable this warning
2026-05-29T15:29:50.361+03:00  INFO 31816 --- [book-catalog] [main] r$InitializeUserDetailsManagerConfigurer : Global AuthenticationManager configured with UserDetailsService bean with name userDetailsService
2026-05-29T15:29:51.490+03:00  INFO 31816 --- [book-catalog] [main] o.s.b.a.e.web.EndpointLinksResolver      : Exposing 15 endpoints beneath base path '/actuator'
2026-05-29T15:29:51.565+03:00  INFO 31816 --- [book-catalog] [main] c.e.b.BookCatalogApplicationTests        : Started BookCatalogApplicationTests in 9.479 seconds (process running for 11.214)
2026-05-29T15:29:52.681+03:00 DEBUG 31816 --- [book-catalog] [main] c.e.bookcatalog.service.BookService      : Запрос списка всех книг
2026-05-29T15:29:52.692+03:00  INFO 31816 --- [book-catalog] [main] c.e.bookcatalog.service.BookService      : Обновление книги с id: 99
2026-05-29T15:29:52.693+03:00  WARN 31816 --- [book-catalog] [main] c.e.bookcatalog.service.BookService      : Книга не найдена с id: 99
2026-05-29T15:29:52.698+03:00 DEBUG 31816 --- [book-catalog] [main] c.e.bookcatalog.service.BookService      : Запрос книги по id: 1
2026-05-29T15:29:52.702+03:00 DEBUG 31816 --- [book-catalog] [main] c.e.bookcatalog.service.BookService      : Запрос книги по id: 99
2026-05-29T15:29:52.708+03:00  INFO 31816 --- [book-catalog] [main] c.e.bookcatalog.service.BookService      : Обновление книги с id: 1
2026-05-29T15:29:52.713+03:00  INFO 31816 --- [book-catalog] [main] c.e.bookcatalog.service.BookService      : Создание новой книги: Идиот
2026-05-29T15:29:52.719+03:00  INFO 31816 --- [book-catalog] [main] c.e.bookcatalog.service.BookService      : Удаление книги с id: 1
2026-05-29T15:29:52.845+03:00  INFO 31816 --- [book-catalog] [main] c.e.bookcatalog.service.UserService      : Регистрация нового пользователя: null
2026-05-29T15:29:52.846+03:00  INFO 31816 --- [book-catalog] [main] c.e.bookcatalog.service.UserService      : Пользователь успешно зарегистрирован с id: null
2026-05-29T15:29:52.851+03:00 DEBUG 31816 --- [book-catalog] [main] c.e.bookcatalog.service.UserService      : Запрос списка всех пользователей
2026-05-29T15:29:52.856+03:00  INFO 31816 --- [book-catalog] [main] c.e.bookcatalog.service.UserService      : Регистрация нового пользователя: testuser
2026-05-29T15:29:52.856+03:00  INFO 31816 --- [book-catalog] [main] c.e.bookcatalog.service.UserService      : Пользователь успешно зарегистрирован с id: null
2026-05-29T15:29:52.949+03:00  INFO 31816 --- [book-catalog] [SpringApplicationShutdownHook] j.LocalContainerEntityManagerFactoryBean : Closing JPA EntityManagerFactory for persistence unit 'default'
2026-05-29T15:29:52.952+03:00  INFO 31816 --- [book-catalog] [SpringApplicationShutdownHook] com.zaxxer.hikari.HikariDataSource       : HikariPool-1 - Shutdown initiated...
2026-05-29T15:29:52.957+03:00  INFO 31816 --- [book-catalog] [SpringApplicationShutdownHook] com.zaxxer.hikari.HikariDataSource       : HikariPool-1 - Shutdown completed.
2026-05-29T18:34:55.011+03:00  INFO 5640 --- [book-catalog] [main] c.e.b.BookCatalogApplicationTests        : Starting BookCatalogApplicationTests using Java 25.0.3 with PID 5640 (started by HP in C:\Users\HP\IdeaProjects\book-catalog)
2026-05-29T18:34:55.014+03:00 DEBUG 5640 --- [book-catalog] [main] c.e.b.BookCatalogApplicationTests        : Running with Spring Boot v4.0.6, Spring v7.0.7
2026-05-29T18:34:55.015+03:00  INFO 5640 --- [book-catalog] [main] c.e.b.BookCatalogApplicationTests        : No active profile set, falling back to 1 default profile: "default"
2026-05-29T18:34:56.331+03:00  INFO 5640 --- [book-catalog] [main] .s.d.r.c.RepositoryConfigurationDelegate : Bootstrapping Spring Data JPA repositories in DEFAULT mode.
2026-05-29T18:34:56.423+03:00  INFO 5640 --- [book-catalog] [main] .s.d.r.c.RepositoryConfigurationDelegate : Finished Spring Data repository scanning in 77 ms. Found 7 JPA repository interfaces.
2026-05-29T18:34:57.198+03:00  INFO 5640 --- [book-catalog] [main] com.zaxxer.hikari.HikariDataSource       : HikariPool-1 - Starting...
2026-05-29T18:34:57.590+03:00  INFO 5640 --- [book-catalog] [main] com.zaxxer.hikari.pool.HikariPool        : HikariPool-1 - Added connection org.postgresql.jdbc.PgConnection@6eaa6b0c
2026-05-29T18:34:57.592+03:00  INFO 5640 --- [book-catalog] [main] com.zaxxer.hikari.HikariDataSource       : HikariPool-1 - Start completed.
2026-05-29T18:34:57.875+03:00  INFO 5640 --- [book-catalog] [main] liquibase.database                       : Set default schema name to public
2026-05-29T18:34:59.329+03:00  INFO 5640 --- [book-catalog] [main] liquibase.changelog                      : Reading from public.databasechangelog
2026-05-29T18:34:59.391+03:00  INFO 5640 --- [book-catalog] [main] liquibase.ui                             : Database is up to date, no changesets to execute
2026-05-29T18:34:59.394+03:00  INFO 5640 --- [book-catalog] [main] liquibase.changelog                      : Reading from public.databasechangelog
2026-05-29T18:34:59.406+03:00  INFO 5640 --- [book-catalog] [main] liquibase.util                           : UPDATE SUMMARY
2026-05-29T18:34:59.406+03:00  INFO 5640 --- [book-catalog] [main] liquibase.util                           : Run:                          0
2026-05-29T18:34:59.406+03:00  INFO 5640 --- [book-catalog] [main] liquibase.util                           : Previously run:               1
2026-05-29T18:34:59.406+03:00  INFO 5640 --- [book-catalog] [main] liquibase.util                           : Filtered out:                 0
2026-05-29T18:34:59.406+03:00  INFO 5640 --- [book-catalog] [main] liquibase.util                           : -------------------------------
2026-05-29T18:34:59.407+03:00  INFO 5640 --- [book-catalog] [main] liquibase.util                           : Total change sets:            1
2026-05-29T18:34:59.408+03:00  INFO 5640 --- [book-catalog] [main] liquibase.util                           : Update summary generated
2026-05-29T18:34:59.409+03:00  INFO 5640 --- [book-catalog] [main] liquibase.command                        : Command execution complete
2026-05-29T18:34:59.603+03:00  INFO 5640 --- [book-catalog] [main] org.hibernate.orm.jpa                    : HHH008540: Processing PersistenceUnitInfo [name: default]
2026-05-29T18:34:59.705+03:00  INFO 5640 --- [book-catalog] [main] org.hibernate.orm.core                   : HHH000001: Hibernate ORM core version 7.2.12.Final
2026-05-29T18:35:00.362+03:00  INFO 5640 --- [book-catalog] [main] o.s.o.j.p.SpringPersistenceUnitInfo      : No LoadTimeWeaver setup: ignoring JPA class transformer
2026-05-29T18:35:00.468+03:00  INFO 5640 --- [book-catalog] [main] org.hibernate.orm.connections.pooling    : HHH10001005: Database info:
	Database JDBC URL [jdbc:postgresql://localhost:5432/book_catalog]
	Database driver: PostgreSQL JDBC Driver
	Database dialect: PostgreSQLDialect
	Database version: 15.15
	Default catalog/schema: book_catalog/public
	Autocommit mode: undefined/unknown
	Isolation level: READ_COMMITTED [default READ_COMMITTED]
	JDBC fetch size: none
	Pool: DataSourceConnectionProvider
	Minimum pool size: undefined/unknown
	Maximum pool size: undefined/unknown
2026-05-29T18:35:01.547+03:00  INFO 5640 --- [book-catalog] [main] org.hibernate.orm.core                   : HHH000489: No JTA platform available (set 'hibernate.transaction.jta.platform' to enable JTA platform integration)
2026-05-29T18:35:01.553+03:00  INFO 5640 --- [book-catalog] [main] j.LocalContainerEntityManagerFactoryBean : Initialized JPA EntityManagerFactory for persistence unit 'default'
2026-05-29T18:35:01.676+03:00  INFO 5640 --- [book-catalog] [main] o.s.d.j.r.query.QueryEnhancerFactories   : Hibernate is in classpath; If applicable, HQL parser will be used.
2026-05-29T18:35:02.230+03:00  WARN 5640 --- [book-catalog] [main] JpaBaseConfiguration$JpaWebConfiguration : spring.jpa.open-in-view is enabled by default. Therefore, database queries may be performed during view rendering. Explicitly configure spring.jpa.open-in-view to disable this warning
2026-05-29T18:35:02.371+03:00  INFO 5640 --- [book-catalog] [main] r$InitializeUserDetailsManagerConfigurer : Global AuthenticationManager configured with UserDetailsService bean with name userDetailsService
2026-05-29T18:35:03.556+03:00  INFO 5640 --- [book-catalog] [main] o.s.b.a.e.web.EndpointLinksResolver      : Exposing 15 endpoints beneath base path '/actuator'
2026-05-29T18:35:03.627+03:00  INFO 5640 --- [book-catalog] [main] c.e.b.BookCatalogApplicationTests        : Started BookCatalogApplicationTests in 9.004 seconds (process running for 10.923)
2026-05-29T18:35:04.871+03:00 DEBUG 5640 --- [book-catalog] [main] c.e.bookcatalog.service.BookService      : Запрос списка всех книг
2026-05-29T18:35:04.877+03:00  INFO 5640 --- [book-catalog] [main] c.e.bookcatalog.service.BookService      : Обновление книги с id: 99
2026-05-29T18:35:04.878+03:00  WARN 5640 --- [book-catalog] [main] c.e.bookcatalog.service.BookService      : Книга не найдена с id: 99
2026-05-29T18:35:04.882+03:00 DEBUG 5640 --- [book-catalog] [main] c.e.bookcatalog.service.BookService      : Запрос книги по id: 1
2026-05-29T18:35:04.889+03:00 DEBUG 5640 --- [book-catalog] [main] c.e.bookcatalog.service.BookService      : Запрос книги по id: 99
2026-05-29T18:35:04.896+03:00  INFO 5640 --- [book-catalog] [main] c.e.bookcatalog.service.BookService      : Обновление книги с id: 1
2026-05-29T18:35:04.901+03:00  INFO 5640 --- [book-catalog] [main] c.e.bookcatalog.service.BookService      : Создание новой книги: Идиот
2026-05-29T18:35:04.906+03:00  INFO 5640 --- [book-catalog] [main] c.e.bookcatalog.service.BookService      : Удаление книги с id: 1
2026-05-29T18:35:05.031+03:00 DEBUG 5640 --- [book-catalog] [main] c.e.bookcatalog.service.UserService      : Запрос списка всех пользователей
2026-05-29T18:35:05.035+03:00  INFO 5640 --- [book-catalog] [main] c.e.bookcatalog.service.UserService      : Регистрация нового пользователя: testuser
2026-05-29T18:35:05.037+03:00  INFO 5640 --- [book-catalog] [main] c.e.bookcatalog.service.UserService      : Пользователь успешно зарегистрирован с id: null
2026-05-29T18:35:05.086+03:00  INFO 5640 --- [book-catalog] [SpringApplicationShutdownHook] j.LocalContainerEntityManagerFactoryBean : Closing JPA EntityManagerFactory for persistence unit 'default'
2026-05-29T18:35:05.090+03:00  INFO 5640 --- [book-catalog] [SpringApplicationShutdownHook] com.zaxxer.hikari.HikariDataSource       : HikariPool-1 - Shutdown initiated...
2026-05-29T18:35:05.100+03:00  INFO 5640 --- [book-catalog] [SpringApplicationShutdownHook] com.zaxxer.hikari.HikariDataSource       : HikariPool-1 - Shutdown completed.
2026-05-29T21:01:45.226+03:00  INFO 17260 --- [book-catalog] [main] c.e.bookcatalog.BookCatalogApplication   : Starting BookCatalogApplication using Java 25.0.3 with PID 17260 (C:\Users\HP\IdeaProjects\book-catalog\target\classes started by HP in C:\Users\HP\IdeaProjects\book-catalog)
2026-05-29T21:01:45.230+03:00 DEBUG 17260 --- [book-catalog] [main] c.e.bookcatalog.BookCatalogApplication   : Running with Spring Boot v4.0.6, Spring v7.0.7
2026-05-29T21:01:45.230+03:00  INFO 17260 --- [book-catalog] [main] c.e.bookcatalog.BookCatalogApplication   : No active profile set, falling back to 1 default profile: "default"
2026-05-29T21:01:46.373+03:00  INFO 17260 --- [book-catalog] [main] .s.d.r.c.RepositoryConfigurationDelegate : Bootstrapping Spring Data JPA repositories in DEFAULT mode.
2026-05-29T21:01:46.451+03:00  INFO 17260 --- [book-catalog] [main] .s.d.r.c.RepositoryConfigurationDelegate : Finished Spring Data repository scanning in 64 ms. Found 7 JPA repository interfaces.
2026-05-29T21:01:47.205+03:00  INFO 17260 --- [book-catalog] [main] o.s.boot.tomcat.TomcatWebServer          : Tomcat initialized with port 8080 (http)
2026-05-29T21:01:47.222+03:00  INFO 17260 --- [book-catalog] [main] o.apache.catalina.core.StandardService   : Starting service [Tomcat]
2026-05-29T21:01:47.222+03:00  INFO 17260 --- [book-catalog] [main] o.apache.catalina.core.StandardEngine    : Starting Servlet engine: [Apache Tomcat/11.0.21]
2026-05-29T21:01:47.290+03:00  INFO 17260 --- [book-catalog] [main] b.w.c.s.WebApplicationContextInitializer : Root WebApplicationContext: initialization completed in 2008 ms
2026-05-29T21:01:47.592+03:00  INFO 17260 --- [book-catalog] [main] com.zaxxer.hikari.HikariDataSource       : HikariPool-1 - Starting...
2026-05-29T21:01:47.814+03:00  INFO 17260 --- [book-catalog] [main] com.zaxxer.hikari.pool.HikariPool        : HikariPool-1 - Added connection org.postgresql.jdbc.PgConnection@660b1a9d
2026-05-29T21:01:47.814+03:00  INFO 17260 --- [book-catalog] [main] com.zaxxer.hikari.HikariDataSource       : HikariPool-1 - Start completed.
2026-05-29T21:01:48.002+03:00  INFO 17260 --- [book-catalog] [main] liquibase.database                       : Set default schema name to public
2026-05-29T21:01:49.366+03:00  INFO 17260 --- [book-catalog] [main] liquibase.changelog                      : Reading from public.databasechangelog
2026-05-29T21:01:49.409+03:00  INFO 17260 --- [book-catalog] [main] liquibase.ui                             : Database is up to date, no changesets to execute
2026-05-29T21:01:49.412+03:00  INFO 17260 --- [book-catalog] [main] liquibase.changelog                      : Reading from public.databasechangelog
2026-05-29T21:01:49.420+03:00  INFO 17260 --- [book-catalog] [main] liquibase.util                           : UPDATE SUMMARY
2026-05-29T21:01:49.420+03:00  INFO 17260 --- [book-catalog] [main] liquibase.util                           : Run:                          0
2026-05-29T21:01:49.421+03:00  INFO 17260 --- [book-catalog] [main] liquibase.util                           : Previously run:               1
2026-05-29T21:01:49.421+03:00  INFO 17260 --- [book-catalog] [main] liquibase.util                           : Filtered out:                 0
2026-05-29T21:01:49.421+03:00  INFO 17260 --- [book-catalog] [main] liquibase.util                           : -------------------------------
2026-05-29T21:01:49.421+03:00  INFO 17260 --- [book-catalog] [main] liquibase.util                           : Total change sets:            1
2026-05-29T21:01:49.421+03:00  INFO 17260 --- [book-catalog] [main] liquibase.util                           : Update summary generated
2026-05-29T21:01:49.422+03:00  INFO 17260 --- [book-catalog] [main] liquibase.command                        : Command execution complete
2026-05-29T21:01:49.594+03:00  INFO 17260 --- [book-catalog] [main] org.hibernate.orm.jpa                    : HHH008540: Processing PersistenceUnitInfo [name: default]
2026-05-29T21:01:49.718+03:00  INFO 17260 --- [book-catalog] [main] org.hibernate.orm.core                   : HHH000001: Hibernate ORM core version 7.2.12.Final
2026-05-29T21:01:50.405+03:00  INFO 17260 --- [book-catalog] [main] o.s.o.j.p.SpringPersistenceUnitInfo      : No LoadTimeWeaver setup: ignoring JPA class transformer
2026-05-29T21:01:50.512+03:00  INFO 17260 --- [book-catalog] [main] org.hibernate.orm.connections.pooling    : HHH10001005: Database info:
	Database JDBC URL [jdbc:postgresql://localhost:5432/book_catalog]
	Database driver: PostgreSQL JDBC Driver
	Database dialect: PostgreSQLDialect
	Database version: 15.15
	Default catalog/schema: book_catalog/public
	Autocommit mode: undefined/unknown
	Isolation level: READ_COMMITTED [default READ_COMMITTED]
	JDBC fetch size: none
	Pool: DataSourceConnectionProvider
	Minimum pool size: undefined/unknown
	Maximum pool size: undefined/unknown
2026-05-29T21:01:51.673+03:00  INFO 17260 --- [book-catalog] [main] org.hibernate.orm.core                   : HHH000489: No JTA platform available (set 'hibernate.transaction.jta.platform' to enable JTA platform integration)
2026-05-29T21:01:51.678+03:00  INFO 17260 --- [book-catalog] [main] j.LocalContainerEntityManagerFactoryBean : Initialized JPA EntityManagerFactory for persistence unit 'default'
2026-05-29T21:01:51.768+03:00  INFO 17260 --- [book-catalog] [main] o.s.d.j.r.query.QueryEnhancerFactories   : Hibernate is in classpath; If applicable, HQL parser will be used.
2026-05-29T21:01:52.176+03:00  WARN 17260 --- [book-catalog] [main] JpaBaseConfiguration$JpaWebConfiguration : spring.jpa.open-in-view is enabled by default. Therefore, database queries may be performed during view rendering. Explicitly configure spring.jpa.open-in-view to disable this warning
2026-05-29T21:01:52.263+03:00  INFO 17260 --- [book-catalog] [main] r$InitializeUserDetailsManagerConfigurer : Global AuthenticationManager configured with UserDetailsService bean with name userDetailsService
2026-05-29T21:01:53.195+03:00  INFO 17260 --- [book-catalog] [main] o.s.b.a.e.web.EndpointLinksResolver      : Exposing 15 endpoints beneath base path '/actuator'
2026-05-29T21:01:53.286+03:00  INFO 17260 --- [book-catalog] [main] o.s.boot.tomcat.TomcatWebServer          : Tomcat started on port 8080 (http) with context path '/'
2026-05-29T21:01:53.294+03:00  INFO 17260 --- [book-catalog] [main] c.e.bookcatalog.BookCatalogApplication   : Started BookCatalogApplication in 8.659 seconds (process running for 9.293)
2026-05-29T21:02:05.268+03:00  INFO 17260 --- [book-catalog] [SpringApplicationShutdownHook] o.s.boot.tomcat.GracefulShutdown         : Commencing graceful shutdown. Waiting for active requests to complete
2026-05-29T21:02:05.275+03:00  INFO 17260 --- [book-catalog] [tomcat-shutdown] o.s.boot.tomcat.GracefulShutdown         : Graceful shutdown complete
2026-05-29T21:02:05.281+03:00  INFO 17260 --- [book-catalog] [SpringApplicationShutdownHook] j.LocalContainerEntityManagerFactoryBean : Closing JPA EntityManagerFactory for persistence unit 'default'
2026-05-29T21:02:05.283+03:00  INFO 17260 --- [book-catalog] [SpringApplicationShutdownHook] com.zaxxer.hikari.HikariDataSource       : HikariPool-1 - Shutdown initiated...
2026-05-29T21:02:05.287+03:00  INFO 17260 --- [book-catalog] [SpringApplicationShutdownHook] com.zaxxer.hikari.HikariDataSource       : HikariPool-1 - Shutdown completed.
